"blank"				"=========================="
"blank"				"Player movements & actions"
"blank"				"=========================="
"+forward"			"Move forward"
"+back"				"Move back"
"+left"				"Turn left"
"+right"			"Turn right"
"+moveleft"			"Strafe left"
"+moveright"		"Strafe right"
"+moveup"			"Swim up"
"+movedown"			"Swim down"
"+jump"				"Jump"
"+duck"				"Crouch"

"+attack"			"Cast selected spell"
"slot1"				"Spell category 1"
"slot2"				"Spell category 2"
"slot3" 			"Spell category 3"
"slot4"				"Spell category 4"
"slot5"				"Spell category 5"
"slot6"				"Spell category 6"
"slot7"				"Spell category 7"
"slot8"				"Spell category 8"
"slot9"				"Spell category 9"
"slot10"			"Spell category 10"
"invprev"			"Previous spell"
"invnext"			"Next spell"
"lastinv"			"Last used spell"

"special"			"Use Special Skill"

"+gren1"			"Throw Satchel"

"+use"				"Use items (buttons, skeletons, etc.)"
"+speed"     		"Walk"

"dropitems"			"Drop the Grail/flag"
"discard"			"Drop unneeded magic"

"saveme"			"Call for a Healer"
"taunt"				"Taunt an opponent"

"classmenu"			"Change Class"
"teammenu"			"Change Team"

"+lookup"			"Look up"
"+lookdown"			"Look down"
"centerview"		"Look straight ahead"

"kill"				"Kill yourself"

"blank"				"=========================="
"blank"				"Communication Commands"
"blank"				"=========================="
"messagemode"		"Chat message (global)"
"messagemode2"		"Chat message (team only)"
"+voicerecord"		"Voice chat"

"blank"				"=========================="
"blank"				"Miscellaneous"
"blank"				"=========================="
"+commandmenu"		"Activate VGUI Menu"
"+showscores"		"Display Scoreboard"
"snapshot"			"Take screenshot"
"quit"				"Quit game"
"impulse 100"		"Toggle Flashlight"
"+strafe"			"Strafe modifier"
"+mlook"			"Mouse-look modifier"
"+klook"			"Keyboard-look modifier"
"impulse 201"		"Spray Half-Life logo"
"pause"				"Pause game"
"quit"				"Quit game"
